// Jest Snapshot v1, https://goo.gl/fbAQLP

exports[`ProductDetailsPage renders product details when data is loaded 1`] = `
<DocumentFragment>
  <div
    class="MuiBox-root css-0"
    data-testid="product-details"
  >
    <button
      class="MuiButtonBase-root MuiButton-root MuiButton-text MuiButton-textPrimary MuiButton-sizeMedium MuiButton-textSizeMedium MuiButton-root MuiButton-text MuiButton-textPrimary MuiButton-sizeMedium MuiButton-textSizeMedium css-1sx5805-MuiButtonBase-root-MuiButton-root"
      tabindex="0"
      type="button"
    >
      <svg
        aria-hidden="true"
        class="MuiSvgIcon-root MuiSvgIcon-fontSizeMedium css-i4bv87-MuiSvgIcon-root"
        data-testid="ArrowBackIcon"
        focusable="false"
        viewBox="0 0 24 24"
      >
        <path
          d="M20 11H7.83l5.59-5.59L12 4l-8 8 8 8 1.41-1.41L7.83 13H20v-2z"
        />
      </svg>
       Back
    </button>
    <div
      class="MuiGrid-root MuiGrid-container MuiGrid-spacing-xs-1 css-d39eye-MuiGrid-root"
    >
      <div
        class="MuiGrid-root MuiGrid-item MuiGrid-grid-xs-12 MuiGrid-grid-md-6 css-1fyyp8j-MuiGrid-root"
      >
        <div
          class="MuiBox-root css-1l4w6pd"
        >
          <img
            alt="Mock product"
            src="mock url"
            width="100%"
          />
        </div>
      </div>
      <div
        class="MuiGrid-root MuiGrid-item MuiGrid-grid-xs-12 MuiGrid-grid-md-6 css-1fyyp8j-MuiGrid-root"
      >
        <div
          class="MuiBox-root css-1ou72n1"
        >
          <h3
            class="MuiTypography-root MuiTypography-h4 css-h5tjps-MuiTypography-root"
          >
            Mock product
          </h3>
          <p
            class="MuiTypography-root MuiTypography-subtitle1 css-i1fd1-MuiTypography-root"
          >
            mock long des
          </p>
          <p
            class="MuiTypography-root MuiTypography-h6 css-9j38tj-MuiTypography-root"
          >
            Brand: 
            <span
              class="MuiTypography-root MuiTypography-body1 css-1mcm3y0-MuiTypography-root"
            >
              mock brnad
            </span>
          </p>
          <div
            class="MuiStack-root css-m69qwo-MuiStack-root"
          >
            <p
              class="MuiTypography-root MuiTypography-h6 css-2yqopb-MuiTypography-root"
            >
              Rated:
            </p>
            <div
              class="MuiBox-root css-jm3i9k"
              data-testid="rating-component"
            >
              <span
                class="MuiRating-root MuiRating-sizeMedium css-iljtu2-MuiRating-root"
              >
                <span
                  class="MuiRating-decimal css-34he1w-MuiRating-decimal"
                >
                  <label
                    class="css-dqr9h-MuiRating-label"
                    for=":r1:"
                    style="width: 0%; overflow: hidden; position: absolute;"
                  >
                    <span
                      class="MuiRating-icon MuiRating-iconFilled css-7qmtgc-MuiRating-icon"
                    >
                      <svg
                        aria-hidden="true"
                        class="MuiSvgIcon-root MuiSvgIcon-fontSizeInherit css-1vooibu-MuiSvgIcon-root"
                        data-testid="StarIcon"
                        focusable="false"
                        viewBox="0 0 24 24"
                      >
                        <path
                          d="M12 17.27L18.18 21l-1.64-7.03L22 9.24l-7.19-.61L12 2 9.19 8.63 2 9.24l5.46 4.73L5.82 21z"
                        />
                      </svg>
                    </span>
                    <span
                      class="MuiRating-visuallyHidden"
                    >
                      Useless
                    </span>
                  </label>
                  <input
                    class="MuiRating-visuallyHidden"
                    id=":r1:"
                    name="rating-feedback"
                    type="radio"
                    value="0.5"
                  />
                  <label
                    class="css-dqr9h-MuiRating-label"
                    for=":r2:"
                  >
                    <span
                      class="MuiRating-icon MuiRating-iconFilled css-7qmtgc-MuiRating-icon"
                    >
                      <svg
                        aria-hidden="true"
                        class="MuiSvgIcon-root MuiSvgIcon-fontSizeInherit css-1vooibu-MuiSvgIcon-root"
                        data-testid="StarIcon"
                        focusable="false"
                        viewBox="0 0 24 24"
                      >
                        <path
                          d="M12 17.27L18.18 21l-1.64-7.03L22 9.24l-7.19-.61L12 2 9.19 8.63 2 9.24l5.46 4.73L5.82 21z"
                        />
                      </svg>
                    </span>
                    <span
                      class="MuiRating-visuallyHidden"
                    >
                      Useless+
                    </span>
                  </label>
                  <input
                    class="MuiRating-visuallyHidden"
                    id=":r2:"
                    name="rating-feedback"
                    type="radio"
                    value="1"
                  />
                </span>
                <span
                  class="MuiRating-decimal css-34he1w-MuiRating-decimal"
                >
                  <label
                    class="css-dqr9h-MuiRating-label"
                    for=":r3:"
                    style="width: 0%; overflow: hidden; position: absolute;"
                  >
                    <span
                      class="MuiRating-icon MuiRating-iconFilled css-7qmtgc-MuiRating-icon"
                    >
                      <svg
                        aria-hidden="true"
                        class="MuiSvgIcon-root MuiSvgIcon-fontSizeInherit css-1vooibu-MuiSvgIcon-root"
                        data-testid="StarIcon"
                        focusable="false"
                        viewBox="0 0 24 24"
                      >
                        <path
                          d="M12 17.27L18.18 21l-1.64-7.03L22 9.24l-7.19-.61L12 2 9.19 8.63 2 9.24l5.46 4.73L5.82 21z"
                        />
                      </svg>
                    </span>
                    <span
                      class="MuiRating-visuallyHidden"
                    >
                      Poor
                    </span>
                  </label>
                  <input
                    class="MuiRating-visuallyHidden"
                    id=":r3:"
                    name="rating-feedback"
                    type="radio"
                    value="1.5"
                  />
                  <label
                    class="css-dqr9h-MuiRating-label"
                    for=":r4:"
                  >
                    <span
                      class="MuiRating-icon MuiRating-iconFilled css-7qmtgc-MuiRating-icon"
                    >
                      <svg
                        aria-hidden="true"
                        class="MuiSvgIcon-root MuiSvgIcon-fontSizeInherit css-1vooibu-MuiSvgIcon-root"
                        data-testid="StarIcon"
                        focusable="false"
                        viewBox="0 0 24 24"
                      >
                        <path
                          d="M12 17.27L18.18 21l-1.64-7.03L22 9.24l-7.19-.61L12 2 9.19 8.63 2 9.24l5.46 4.73L5.82 21z"
                        />
                      </svg>
                    </span>
                    <span
                      class="MuiRating-visuallyHidden"
                    >
                      Poor+
                    </span>
                  </label>
                  <input
                    checked=""
                    class="MuiRating-visuallyHidden"
                    id=":r4:"
                    name="rating-feedback"
                    type="radio"
                    value="2"
                  />
                </span>
                <span
                  class="MuiRating-decimal css-34he1w-MuiRating-decimal"
                >
                  <label
                    class="css-dqr9h-MuiRating-label"
                    for=":r5:"
                    style="width: 0%; overflow: hidden; position: absolute;"
                  >
                    <span
                      class="MuiRating-icon MuiRating-iconEmpty css-1c99szj-MuiRating-icon"
                    >
                      <svg
                        aria-hidden="true"
                        class="MuiSvgIcon-root MuiSvgIcon-fontSizeInherit css-1vooibu-MuiSvgIcon-root"
                        data-testid="StarIcon"
                        focusable="false"
                        style="opacity: 0.55;"
                        viewBox="0 0 24 24"
                      >
                        <path
                          d="M12 17.27 18.18 21l-1.64-7.03L22 9.24l-7.19-.61L12 2 9.19 8.63 2 9.24l5.46 4.73L5.82 21z"
                        />
                      </svg>
                    </span>
                    <span
                      class="MuiRating-visuallyHidden"
                    >
                      Ok
                    </span>
                  </label>
                  <input
                    class="MuiRating-visuallyHidden"
                    id=":r5:"
                    name="rating-feedback"
                    type="radio"
                    value="2.5"
                  />
                  <label
                    class="css-dqr9h-MuiRating-label"
                    for=":r6:"
                  >
                    <span
                      class="MuiRating-icon MuiRating-iconEmpty css-1c99szj-MuiRating-icon"
                    >
                      <svg
                        aria-hidden="true"
                        class="MuiSvgIcon-root MuiSvgIcon-fontSizeInherit css-1vooibu-MuiSvgIcon-root"
                        data-testid="StarIcon"
                        focusable="false"
                        style="opacity: 0.55;"
                        viewBox="0 0 24 24"
                      >
                        <path
                          d="M12 17.27 18.18 21l-1.64-7.03L22 9.24l-7.19-.61L12 2 9.19 8.63 2 9.24l5.46 4.73L5.82 21z"
                        />
                      </svg>
                    </span>
                    <span
                      class="MuiRating-visuallyHidden"
                    >
                      Ok+
                    </span>
                  </label>
                  <input
                    class="MuiRating-visuallyHidden"
                    id=":r6:"
                    name="rating-feedback"
                    type="radio"
                    value="3"
                  />
                </span>
                <span
                  class="MuiRating-decimal css-34he1w-MuiRating-decimal"
                >
                  <label
                    class="css-dqr9h-MuiRating-label"
                    for=":r7:"
                    style="width: 0%; overflow: hidden; position: absolute;"
                  >
                    <span
                      class="MuiRating-icon MuiRating-iconEmpty css-1c99szj-MuiRating-icon"
                    >
                      <svg
                        aria-hidden="true"
                        class="MuiSvgIcon-root MuiSvgIcon-fontSizeInherit css-1vooibu-MuiSvgIcon-root"
                        data-testid="StarIcon"
                        focusable="false"
                        style="opacity: 0.55;"
                        viewBox="0 0 24 24"
                      >
                        <path
                          d="M12 17.27 18.18 21l-1.64-7.03L22 9.24l-7.19-.61L12 2 9.19 8.63 2 9.24l5.46 4.73L5.82 21z"
                        />
                      </svg>
                    </span>
                    <span
                      class="MuiRating-visuallyHidden"
                    >
                      Good
                    </span>
                  </label>
                  <input
                    class="MuiRating-visuallyHidden"
                    id=":r7:"
                    name="rating-feedback"
                    type="radio"
                    value="3.5"
                  />
                  <label
                    class="css-dqr9h-MuiRating-label"
                    for=":r8:"
                  >
                    <span
                      class="MuiRating-icon MuiRating-iconEmpty css-1c99szj-MuiRating-icon"
                    >
                      <svg
                        aria-hidden="true"
                        class="MuiSvgIcon-root MuiSvgIcon-fontSizeInherit css-1vooibu-MuiSvgIcon-root"
                        data-testid="StarIcon"
                        focusable="false"
                        style="opacity: 0.55;"
                        viewBox="0 0 24 24"
                      >
                        <path
                          d="M12 17.27 18.18 21l-1.64-7.03L22 9.24l-7.19-.61L12 2 9.19 8.63 2 9.24l5.46 4.73L5.82 21z"
                        />
                      </svg>
                    </span>
                    <span
                      class="MuiRating-visuallyHidden"
                    >
                      Good+
                    </span>
                  </label>
                  <input
                    class="MuiRating-visuallyHidden"
                    id=":r8:"
                    name="rating-feedback"
                    type="radio"
                    value="4"
                  />
                </span>
                <span
                  class="MuiRating-decimal css-34he1w-MuiRating-decimal"
                >
                  <label
                    class="css-dqr9h-MuiRating-label"
                    for=":r9:"
                    style="width: 0%; overflow: hidden; position: absolute;"
                  >
                    <span
                      class="MuiRating-icon MuiRating-iconEmpty css-1c99szj-MuiRating-icon"
                    >
                      <svg
                        aria-hidden="true"
                        class="MuiSvgIcon-root MuiSvgIcon-fontSizeInherit css-1vooibu-MuiSvgIcon-root"
                        data-testid="StarIcon"
                        focusable="false"
                        style="opacity: 0.55;"
                        viewBox="0 0 24 24"
                      >
                        <path
                          d="M12 17.27 18.18 21l-1.64-7.03L22 9.24l-7.19-.61L12 2 9.19 8.63 2 9.24l5.46 4.73L5.82 21z"
                        />
                      </svg>
                    </span>
                    <span
                      class="MuiRating-visuallyHidden"
                    >
                      Excellent
                    </span>
                  </label>
                  <input
                    class="MuiRating-visuallyHidden"
                    id=":r9:"
                    name="rating-feedback"
                    type="radio"
                    value="4.5"
                  />
                  <label
                    class="css-dqr9h-MuiRating-label"
                    for=":ra:"
                  >
                    <span
                      class="MuiRating-icon MuiRating-iconEmpty css-1c99szj-MuiRating-icon"
                    >
                      <svg
                        aria-hidden="true"
                        class="MuiSvgIcon-root MuiSvgIcon-fontSizeInherit css-1vooibu-MuiSvgIcon-root"
                        data-testid="StarIcon"
                        focusable="false"
                        style="opacity: 0.55;"
                        viewBox="0 0 24 24"
                      >
                        <path
                          d="M12 17.27 18.18 21l-1.64-7.03L22 9.24l-7.19-.61L12 2 9.19 8.63 2 9.24l5.46 4.73L5.82 21z"
                        />
                      </svg>
                    </span>
                    <span
                      class="MuiRating-visuallyHidden"
                    >
                      Excellent+
                    </span>
                  </label>
                  <input
                    class="MuiRating-visuallyHidden"
                    id=":ra:"
                    name="rating-feedback"
                    type="radio"
                    value="5"
                  />
                </span>
                <label
                  class="MuiRating-label MuiRating-pristine css-dqr9h-MuiRating-label"
                >
                  <input
                    class="MuiRating-visuallyHidden"
                    id="rating-feedback-empty"
                    name="rating-feedback"
                    type="radio"
                    value=""
                  />
                  <span
                    class="MuiRating-visuallyHidden"
                  >
                    Empty
                  </span>
                </label>
              </span>
              <div
                class="MuiBox-root css-d0uhtl"
              >
                Poor+
              </div>
            </div>
          </div>
          <div
            class="MuiBox-root css-c9bted"
          >
            <p
              class="MuiTypography-root MuiTypography-h6 css-tjvwag-MuiTypography-root"
            >
              Options
            </p>
            <div
              aria-label="text alignment"
              class="MuiToggleButtonGroup-root css-1vc0b5m-MuiToggleButtonGroup-root"
              role="group"
            >
              <button
                aria-pressed="true"
                class="MuiButtonBase-root MuiToggleButton-root Mui-selected MuiToggleButton-sizeSmall MuiToggleButton-standard MuiToggleButtonGroup-grouped MuiToggleButtonGroup-groupedHorizontal css-14zpu5i-MuiButtonBase-root-MuiToggleButton-root"
                tabindex="0"
                type="button"
                value="option1"
              >
                <p
                  class="MuiTypography-root MuiTypography-body1 css-ahj2mt-MuiTypography-root"
                >
                  option1
                </p>
              </button>
            </div>
          </div>
          <div
            class="MuiBox-root css-0"
          >
            <p
              class="MuiTypography-root MuiTypography-h6 css-tjvwag-MuiTypography-root"
            >
              Sizes
            </p>
            <div
              aria-label="text alignment"
              class="MuiToggleButtonGroup-root css-1vc0b5m-MuiToggleButtonGroup-root"
              role="group"
            >
              <button
                aria-pressed="true"
                class="MuiButtonBase-root MuiToggleButton-root Mui-selected MuiToggleButton-sizeSmall MuiToggleButton-standard MuiToggleButtonGroup-grouped MuiToggleButtonGroup-groupedHorizontal css-14zpu5i-MuiButtonBase-root-MuiToggleButton-root"
                tabindex="0"
                type="button"
                value="xl"
              >
                <p
                  class="MuiTypography-root MuiTypography-body1 css-ahj2mt-MuiTypography-root"
                >
                  XL
                </p>
              </button>
            </div>
          </div>
          <div
            class="MuiBox-root css-c9bted"
          >
            <h3
              class="MuiTypography-root MuiTypography-h5 css-1m0ncb0-MuiTypography-root"
            >
              mock price
            </h3>
            <span
              class="MuiTypography-root MuiTypography-body1 css-vkc4v8-MuiTypography-root"
            >
              Stock Available
            </span>
          </div>
          <div
            class="MuiBox-root css-0"
          >
            <button
              class="MuiButtonBase-root MuiButton-root MuiButton-text MuiButton-textPrimary MuiButton-sizeMedium MuiButton-textSizeMedium MuiButton-root MuiButton-text MuiButton-textPrimary MuiButton-sizeMedium MuiButton-textSizeMedium css-qwvqr0-MuiButtonBase-root-MuiButton-root"
              tabindex="0"
              type="button"
            >
              Add to Cart
            </button>
          </div>
        </div>
      </div>
    </div>
  </div>
</DocumentFragment>
`;
